[2026-10-07T12:02:39.427Z] [error] Failed to load resource: the server responded with a status of 401 (Unauthorized)
[2026-10-07T12:02:56.614Z] [warning] The PerformanceObserver does not support buffered flag with the entryTypes argument.
[2026-10-07T12:02:56.614Z] [warning] The PerformanceObserver does not support buffered flag with the entryTypes argument.
[2026-10-07T12:02:59.763Z] [error] ErrorUtils caught an error:

Converting to a string will drop content data. Hash="undefined" Translation="{user_name} added {names}" Content="Context not logged." (type=object,Object)

Subsequent non-fatal errors won't be logged; see https://fburl.com/debugjs. {column: 17878, clientTime: 1791374579, extra: Object, guardList: Array(1), hash: 4tup0q}
[2026-10-07T12:02:59.763Z] [error] ErrorUtils caught an error:

Converting to a string will drop content data. Hash="undefined" Translation="{user_name} added {names}" Content="Context not logged." (type=object,Object)

Subsequent non-fatal errors won't be logged; see https://fburl.com/debugjs. {column: 17878, clientTime: 1791374579, extra: Object, guardList: Array(1), hash: 4tup0q}
[2026-10-07T12:03:03.140Z] [error] ErrorUtils caught an error:

Failed to find a Haste-supplied config for the QPL event identified by token `106`.

Subsequent non-fatal errors won't be logged; see https://fburl.com/debugjs. {column: 17878, clientTime: 1791374583, extra: Object, guardList: Array(0), hash: qo3huq}
[2026-10-07T12:03:03.140Z] [error] ErrorUtils caught an error:

Failed to find a Haste-supplied config for the QPL event identified by token `106`.

Subsequent non-fatal errors won't be logged; see https://fburl.com/debugjs. {column: 17878, clientTime: 1791374583, extra: Object, guardList: Array(0), hash: qo3huq}
[2026-10-07T12:03:06.050Z] [warning] The resource https://static.whatsapp.net/rsrc.php/v4/yw/r/0uQzbBXnZHgMPJYCdPgb4Be4C_aoAygjrebqZ2dZ7C_2zvXzHQvQ00zI8tKqyiuziWEk87Mcrc3EgRjnSVGpAuebxDE3ZTVVgB8biWL4VgRlwLumSafWX700iCwamb14RsoK.js was preloaded using link preload but not used within a few seconds from the window's load event. Please make sure it has an appropriate `as` value and it is preloaded intentionally.
[2026-10-07T12:03:06.050Z] [warning] The resource https://static.whatsapp.net/rsrc.php/v4/yw/r/0uQzbBXnZHgMPJYCdPgb4Be4C_aoAygjrebqZ2dZ7C_2zvXzHQvQ00zI8tKqyiuziWEk87Mcrc3EgRjnSVGpAuebxDE3ZTVVgB8biWL4VgRlwLumSafWX700iCwamb14RsoK.js was preloaded using link preload but not used within a few seconds from the window's load event. Please make sure it has an appropriate `as` value and it is preloaded intentionally.
[2026-10-07T12:03:19.852Z] [error] Loading the image 'https://static.whatsapp.net/rsrc.php/yd/r/PfkSLByWV8O.webp' violates the following Content Security Policy directive: "img-src 'self' blob:". The action has been blocked.
[2026-10-07T12:03:19.852Z] [error] Loading the image 'https://static.whatsapp.net/rsrc.php/yd/r/PfkSLByWV8O.webp' violates the following Content Security Policy directive: "img-src 'self' blob:". The action has been blocked.
[2026-10-07T12:03:19.852Z] [error] Loading the image 'https://static.whatsapp.net/rsrc.php/yI/r/EoOh62-jiPS.webp' violates the following Content Security Policy directive: "img-src 'self' blob:". The action has been blocked.
[2026-10-07T12:03:19.852Z] [error] Loading the image 'https://static.whatsapp.net/rsrc.php/yI/r/EoOh62-jiPS.webp' violates the following Content Security Policy directive: "img-src 'self' blob:". The action has been blocked.
[2026-10-07T12:03:20.052Z] [error] Permissions policy violation: unload is not allowed in this document.
[2026-10-07T12:03:20.052Z] [error] Permissions policy violation: unload is not allowed in this document.
[2026-10-07T12:03:23.274Z] [warning] The resource https://static.whatsapp.net/rsrc.php/v4/yw/r/0uQzbBXnZHgMPJYCdPgb4Be4C_aoAygjrebqZ2dZ7C_2zvXzHQvQ00zI8tKqyiuziWEk87Mcrc3EgRjnSVGpAuebxDE3ZTVVgB8biWL4VgRlwLumSafWX700iCwamb14RsoK.js was preloaded using link preload but not used within a few seconds from the window's load event. Please make sure it has an appropriate `as` value and it is preloaded intentionally.
[2026-10-07T12:03:23.274Z] [warning] The resource https://static.whatsapp.net/rsrc.php/v4/yw/r/0uQzbBXnZHgMPJYCdPgb4Be4C_aoAygjrebqZ2dZ7C_2zvXzHQvQ00zI8tKqyiuziWEk87Mcrc3EgRjnSVGpAuebxDE3ZTVVgB8biWL4VgRlwLumSafWX700iCwamb14RsoK.js was preloaded using link preload but not used within a few seconds from the window's load event. Please make sure it has an appropriate `as` value and it is preloaded intentionally.
[2026-10-07T12:03:28.006Z] [warning] The resource https://static.whatsapp.net/rsrc.php/v4/yw/r/0uQzbBXnZHgMPJYCdPgb4Be4C_aoAygjrebqZ2dZ7C_2zvXzHQvQ00zI8tKqyiuziWEk87Mcrc3EgRjnSVGpAuebxDE3ZTVVgB8biWL4VgRlwLumSafWX700iCwamb14RsoK.js was preloaded using link preload but not used within a few seconds from the window's load event. Please make sure it has an appropriate `as` value and it is preloaded intentionally.
[2026-10-07T12:03:28.006Z] [warning] The resource https://static.whatsapp.net/rsrc.php/v4/yw/r/0uQzbBXnZHgMPJYCdPgb4Be4C_aoAygjrebqZ2dZ7C_2zvXzHQvQ00zI8tKqyiuziWEk87Mcrc3EgRjnSVGpAuebxDE3ZTVVgB8biWL4VgRlwLumSafWX700iCwamb14RsoK.js was preloaded using link preload but not used within a few seconds from the window's load event. Please make sure it has an appropriate `as` value and it is preloaded intentionally.
[2026-10-07T12:03:31.339Z] [warning] The resource https://static.whatsapp.net/rsrc.php/v4/yw/r/0uQzbBXnZHgMPJYCdPgb4Be4C_aoAygjrebqZ2dZ7C_2zvXzHQvQ00zI8tKqyiuziWEk87Mcrc3EgRjnSVGpAuebxDE3ZTVVgB8biWL4VgRlwLumSafWX700iCwamb14RsoK.js was preloaded using link preload but not used within a few seconds from the window's load event. Please make sure it has an appropriate `as` value and it is preloaded intentionally.
[2026-10-07T12:03:31.339Z] [warning] The resource https://static.whatsapp.net/rsrc.php/v4/yw/r/0uQzbBXnZHgMPJYCdPgb4Be4C_aoAygjrebqZ2dZ7C_2zvXzHQvQ00zI8tKqyiuziWEk87Mcrc3EgRjnSVGpAuebxDE3ZTVVgB8biWL4VgRlwLumSafWX700iCwamb14RsoK.js was preloaded using link preload but not used within a few seconds from the window's load event. Please make sure it has an appropriate `as` value and it is preloaded intentionally.
[2026-10-07T12:03:34.432Z] [warning] The resource https://static.whatsapp.net/rsrc.php/v4/yw/r/0uQzbBXnZHgMPJYCdPgb4Be4C_aoAygjrebqZ2dZ7C_2zvXzHQvQ00zI8tKqyiuziWEk87Mcrc3EgRjnSVGpAuebxDE3ZTVVgB8biWL4VgRlwLumSafWX700iCwamb14RsoK.js was preloaded using link preload but not used within a few seconds from the window's load event. Please make sure it has an appropriate `as` value and it is preloaded intentionally.
[2026-10-07T12:03:34.432Z] [warning] The resource https://static.whatsapp.net/rsrc.php/v4/yw/r/0uQzbBXnZHgMPJYCdPgb4Be4C_aoAygjrebqZ2dZ7C_2zvXzHQvQ00zI8tKqyiuziWEk87Mcrc3EgRjnSVGpAuebxDE3ZTVVgB8biWL4VgRlwLumSafWX700iCwamb14RsoK.js was preloaded using link preload but not used within a few seconds from the window's load event. Please make sure it has an appropriate `as` value and it is preloaded intentionally.
[2026-10-07T12:04:14.268Z] [warning] The resource https://static.whatsapp.net/rsrc.php/v4/yw/r/0uQzbBXnZHgMPJYCdPgb4Be4C_aoAygjrebqZ2dZ7C_2zvXzHQvQ00zI8tKqyiuziWEk87Mcrc3EgRjnSVGpAuebxDE3ZTVVgB8biWL4VgRlwLumSafWX700iCwamb14RsoK.js was preloaded using link preload but not used within a few seconds from the window's load event. Please make sure it has an appropriate `as` value and it is preloaded intentionally.
[2026-10-07T12:04:14.268Z] [warning] The resource https://static.whatsapp.net/rsrc.php/v4/yw/r/0uQzbBXnZHgMPJYCdPgb4Be4C_aoAygjrebqZ2dZ7C_2zvXzHQvQ00zI8tKqyiuziWEk87Mcrc3EgRjnSVGpAuebxDE3ZTVVgB8biWL4VgRlwLumSafWX700iCwamb14RsoK.js was preloaded using link preload but not used within a few seconds from the window's load event. Please make sure it has an appropriate `as` value and it is preloaded intentionally.
[2026-10-07T12:05:29.766Z] [warning] The resource https://static.whatsapp.net/rsrc.php/v4/yw/r/0uQzbBXnZHgMPJYCdPgb4Be4C_aoAygjrebqZ2dZ7C_2zvXzHQvQ00zI8tKqyiuziWEk87Mcrc3EgRjnSVGpAuebxDE3ZTVVgB8biWL4VgRlwLumSafWX700iCwamb14RsoK.js was preloaded using link preload but not used within a few seconds from the window's load event. Please make sure it has an appropriate `as` value and it is preloaded intentionally.
[2026-10-07T12:05:29.766Z] [warning] The resource https://static.whatsapp.net/rsrc.php/v4/yw/r/0uQzbBXnZHgMPJYCdPgb4Be4C_aoAygjrebqZ2dZ7C_2zvXzHQvQ00zI8tKqyiuziWEk87Mcrc3EgRjnSVGpAuebxDE3ZTVVgB8biWL4VgRlwLumSafWX700iCwamb14RsoK.js was preloaded using link preload but not used within a few seconds from the window's load event. Please make sure it has an appropriate `as` value and it is preloaded intentionally.
[2026-10-07T12:06:34.854Z] [warning] The resource https://static.whatsapp.net/rsrc.php/v4/yw/r/0uQzbBXnZHgMPJYCdPgb4Be4C_aoAygjrebqZ2dZ7C_2zvXzHQvQ00zI8tKqyiuziWEk87Mcrc3EgRjnSVGpAuebxDE3ZTVVgB8biWL4VgRlwLumSafWX700iCwamb14RsoK.js was preloaded using link preload but not used within a few seconds from the window's load event. Please make sure it has an appropriate `as` value and it is preloaded intentionally.
[2026-10-07T12:06:34.854Z] [warning] The resource https://static.whatsapp.net/rsrc.php/v4/yw/r/0uQzbBXnZHgMPJYCdPgb4Be4C_aoAygjrebqZ2dZ7C_2zvXzHQvQ00zI8tKqyiuziWEk87Mcrc3EgRjnSVGpAuebxDE3ZTVVgB8biWL4VgRlwLumSafWX700iCwamb14RsoK.js was preloaded using link preload but not used within a few seconds from the window's load event. Please make sure it has an appropriate `as` value and it is preloaded intentionally.
[2026-10-07T12:08:52.298Z] [warning] The resource https://static.whatsapp.net/rsrc.php/v4/yw/r/0uQzbBXnZHgMPJYCdPgb4Be4C_aoAygjrebqZ2dZ7C_2zvXzHQvQ00zI8tKqyiuziWEk87Mcrc3EgRjnSVGpAuebxDE3ZTVVgB8biWL4VgRlwLumSafWX700iCwamb14RsoK.js was preloaded using link preload but not used within a few seconds from the window's load event. Please make sure it has an appropriate `as` value and it is preloaded intentionally.
[2026-10-07T12:08:52.298Z] [warning] The resource https://static.whatsapp.net/rsrc.php/v4/yw/r/0uQzbBXnZHgMPJYCdPgb4Be4C_aoAygjrebqZ2dZ7C_2zvXzHQvQ00zI8tKqyiuziWEk87Mcrc3EgRjnSVGpAuebxDE3ZTVVgB8biWL4VgRlwLumSafWX700iCwamb14RsoK.js was preloaded using link preload but not used within a few seconds from the window's load event. Please make sure it has an appropriate `as` value and it is preloaded intentionally.
[2026-10-07T12:10:00.996Z] [warning] The resource https://static.whatsapp.net/rsrc.php/v4/yw/r/0uQzbBXnZHgMPJYCdPgb4Be4C_aoAygjrebqZ2dZ7C_2zvXzHQvQ00zI8tKqyiuziWEk87Mcrc3EgRjnSVGpAuebxDE3ZTVVgB8biWL4VgRlwLumSafWX700iCwamb14RsoK.js was preloaded using link preload but not used within a few seconds from the window's load event. Please make sure it has an appropriate `as` value and it is preloaded intentionally.
[2026-10-07T12:10:00.996Z] [warning] The resource https://static.whatsapp.net/rsrc.php/v4/yw/r/0uQzbBXnZHgMPJYCdPgb4Be4C_aoAygjrebqZ2dZ7C_2zvXzHQvQ00zI8tKqyiuziWEk87Mcrc3EgRjnSVGpAuebxDE3ZTVVgB8biWL4VgRlwLumSafWX700iCwamb14RsoK.js was preloaded using link preload but not used within a few seconds from the window's load event. Please make sure it has an appropriate `as` value and it is preloaded intentionally.
[2026-10-07T12:11:17.830Z] [warning] The resource https://static.whatsapp.net/rsrc.php/v4/yw/r/0uQzbBXnZHgMPJYCdPgb4Be4C_aoAygjrebqZ2dZ7C_2zvXzHQvQ00zI8tKqyiuziWEk87Mcrc3EgRjnSVGpAuebxDE3ZTVVgB8biWL4VgRlwLumSafWX700iCwamb14RsoK.js was preloaded using link preload but not used within a few seconds from the window's load event. Please make sure it has an appropriate `as` value and it is preloaded intentionally.
[2026-10-07T12:11:17.830Z] [warning] The resource https://static.whatsapp.net/rsrc.php/v4/yw/r/0uQzbBXnZHgMPJYCdPgb4Be4C_aoAygjrebqZ2dZ7C_2zvXzHQvQ00zI8tKqyiuziWEk87Mcrc3EgRjnSVGpAuebxDE3ZTVVgB8biWL4VgRlwLumSafWX700iCwamb14RsoK.js was preloaded using link preload but not used within a few seconds from the window's load event. Please make sure it has an appropriate `as` value and it is preloaded intentionally.
[2026-10-07T12:12:29.804Z] [warning] The resource https://static.whatsapp.net/rsrc.php/v4/yw/r/0uQzbBXnZHgMPJYCdPgb4Be4C_aoAygjrebqZ2dZ7C_2zvXzHQvQ00zI8tKqyiuziWEk87Mcrc3EgRjnSVGpAuebxDE3ZTVVgB8biWL4VgRlwLumSafWX700iCwamb14RsoK.js was preloaded using link preload but not used within a few seconds from the window's load event. Please make sure it has an appropriate `as` value and it is preloaded intentionally.
[2026-10-07T12:12:29.806Z] [warning] The resource https://static.whatsapp.net/rsrc.php/v4/yw/r/0uQzbBXnZHgMPJYCdPgb4Be4C_aoAygjrebqZ2dZ7C_2zvXzHQvQ00zI8tKqyiuziWEk87Mcrc3EgRjnSVGpAuebxDE3ZTVVgB8biWL4VgRlwLumSafWX700iCwamb14RsoK.js was preloaded using link preload but not used within a few seconds from the window's load event. Please make sure it has an appropriate `as` value and it is preloaded intentionally.
[2026-10-07T12:13:02.328Z] [error] Failed to load resource: the server responded with a status of 404 ()
[2026-10-07T12:13:02.328Z] [error] Failed to load resource: the server responded with a status of 404 ()
[2026-10-07T12:13:37.087Z] [warning] The resource https://static.whatsapp.net/rsrc.php/v4/yw/r/0uQzbBXnZHgMPJYCdPgb4Be4C_aoAygjrebqZ2dZ7C_2zvXzHQvQ00zI8tKqyiuziWEk87Mcrc3EgRjnSVGpAuebxDE3ZTVVgB8biWL4VgRlwLumSafWX700iCwamb14RsoK.js was preloaded using link preload but not used within a few seconds from the window's load event. Please make sure it has an appropriate `as` value and it is preloaded intentionally.
[2026-10-07T12:13:37.087Z] [warning] The resource https://static.whatsapp.net/rsrc.php/v4/yw/r/0uQzbBXnZHgMPJYCdPgb4Be4C_aoAygjrebqZ2dZ7C_2zvXzHQvQ00zI8tKqyiuziWEk87Mcrc3EgRjnSVGpAuebxDE3ZTVVgB8biWL4VgRlwLumSafWX700iCwamb14RsoK.js was preloaded using link preload but not used within a few seconds from the window's load event. Please make sure it has an appropriate `as` value and it is preloaded intentionally.
